// Jest Snapshot v1, https://goo.gl/fbAQLP

exports[`ResetPasswordForm form should match snapshot 1`] = `
<View
  style={
    Object {
      "marginTop": 40,
    }
  }
>
  <InputItem
    autoCapitalize="none"
    blurOnSubmit={true}
    error={null}
    keyboardType="email-address"
    label="Email address"
    textContentType="emailAddress"
    touched={true}
    value="email@domain.com"
  />
  <Component
    backgroundColor="#6654EB"
    containerStyle={
      Object {
        "marginTop": 8,
      }
    }
    onPress={[MockFunction]}
    title="Reset Password"
  />
</View>
`;

exports[`ResetPasswordForm should match snapshot 1`] = `
<Formik
  enableReinitialize={false}
  initialValues={
    Object {
      "email": "",
    }
  }
  isInitialValid={false}
  onSubmit={[Function]}
  render={[Function]}
  validateOnBlur={true}
  validateOnChange={true}
  validationSchema={
    ObjectSchema {
      "_blacklist": RefSet {
        "list": Set {},
        "refs": Map {},
      },
      "_conditions": Array [],
      "_defaultDefault": [Function],
      "_deps": Array [],
      "_excludedEdges": Array [],
      "_exclusive": Object {},
      "_mutate": undefined,
      "_nodes": Array [
        "email",
      ],
      "_options": Object {
        "abortEarly": true,
        "recursive": true,
      },
      "_type": "object",
      "_typeError": [Function],
      "_whitelist": RefSet {
        "list": Set {},
        "refs": Map {},
      },
      "fields": Object {
        "email": StringSchema {
          "_blacklist": RefSet {
            "list": Set {},
            "refs": Map {},
          },
          "_conditions": Array [],
          "_deps": Array [],
          "_exclusive": Object {
            "required": true,
            "undefined": false,
          },
          "_mutate": undefined,
          "_options": Object {
            "abortEarly": true,
            "recursive": true,
          },
          "_type": "string",
          "_typeError": [Function],
          "_whitelist": RefSet {
            "list": Set {},
            "refs": Map {},
          },
          "tests": Array [
            [Function],
            [Function],
          ],
          "transforms": Array [
            [Function],
          ],
        },
      },
      "tests": Array [],
      "transforms": Array [
        [Function],
      ],
    }
  }
/>
`;
