// Jest Snapshot v1, https://goo.gl/fbAQLP

exports[`App should match snapshot 1`] = `
<I18nextProvider
  i18n={[MockFunction]}
>
  <StatusBar
    animated={false}
    hidden={true}
    showHideTransition="fade"
  />
  <Component
    onNavigationStateChange={[Function]}
  />
</I18nextProvider>
`;
