// Jest Snapshot v1, https://goo.gl/fbAQLP

exports[`PlanFormControls renders correctly 1`] = `
<Formik
  enableReinitialize={false}
  initialValues={
    Object {
      "emoji": undefined,
      "planInput": undefined,
    }
  }
  isInitialValid={false}
  onSubmit={[MockFunction]}
  render={[Function]}
  validate={[MockFunction]}
  validateOnBlur={true}
  validateOnChange={true}
/>
`;
